// Jest Snapshot v1, https://goo.gl/fbAQLP

exports[`<AddStatsForm/> The form renders the UI Matches snapshot 1`] = `
Array [
  <form
    className="form p-3 my-3"
    onSubmit={[Function]}
  >
    <table
      className="table table-bordered table-hover"
    >
      <thead>
        <tr>
          <th>
            <b>
              Nature
            </b>
          </th>
          <th
            key="1"
          >
            <b>
              pedestrians
            </b>
          </th>
          <th
            key="2"
          >
            <b>
              Drivers
            </b>
          </th>
          <th
            key="3"
          >
            <b>
              passengers
            </b>
          </th>
          <th
            key="4"
          >
            <b>
              Pillion pass
            </b>
          </th>
          <th
            key="5"
          >
            <b>
              pedal Cyclist
            </b>
          </th>
          <th
            key="6"
          >
            <b>
              Motor cyclists
            </b>
          </th>
        </tr>
      </thead>
      <tbody>
        <tr>
          <td>
            Fatalties
          </td>
          <td
            key="1"
          >
            <TableInput
              item={
                Object {
                  "id": 1,
                  "name": "pedestrians",
                }
              }
              nature="fatalities"
              sendValue={[Function]}
            >
              <input
                className="form-control my-2"
                data-nature="fatalities"
                minLength={1}
                name="pedestrians"
                onBlur={[Function]}
                onChange={[Function]}
                type="number"
              />
            </TableInput>
          </td>
          <td
            key="2"
          >
            <TableInput
              item={
                Object {
                  "id": 2,
                  "name": "Drivers",
                }
              }
              nature="fatalities"
              sendValue={[Function]}
            >
              <input
                className="form-control my-2"
                data-nature="fatalities"
                minLength={1}
                name="Drivers"
                onBlur={[Function]}
                onChange={[Function]}
                type="number"
              />
            </TableInput>
          </td>
          <td
            key="3"
          >
            <TableInput
              item={
                Object {
                  "id": 3,
                  "name": "passengers",
                }
              }
              nature="fatalities"
              sendValue={[Function]}
            >
              <input
                className="form-control my-2"
                data-nature="fatalities"
                minLength={1}
                name="passengers"
                onBlur={[Function]}
                onChange={[Function]}
                type="number"
              />
            </TableInput>
          </td>
          <td
            key="4"
          >
            <TableInput
              item={
                Object {
                  "id": 4,
                  "name": "Pillion pass",
                }
              }
              nature="fatalities"
              sendValue={[Function]}
            >
              <input
                className="form-control my-2"
                data-nature="fatalities"
                minLength={1}
                name="Pillion pass"
                onBlur={[Function]}
                onChange={[Function]}
                type="number"
              />
            </TableInput>
          </td>
          <td
            key="5"
          >
            <TableInput
              item={
                Object {
                  "id": 5,
                  "name": "pedal Cyclist",
                }
              }
              nature="fatalities"
              sendValue={[Function]}
            >
              <input
                className="form-control my-2"
                data-nature="fatalities"
                minLength={1}
                name="pedal Cyclist"
                onBlur={[Function]}
                onChange={[Function]}
                type="number"
              />
            </TableInput>
          </td>
          <td
            key="6"
          >
            <TableInput
              item={
                Object {
                  "id": 6,
                  "name": "Motor cyclists",
                }
              }
              nature="fatalities"
              sendValue={[Function]}
            >
              <input
                className="form-control my-2"
                data-nature="fatalities"
                minLength={1}
                name="Motor cyclists"
                onBlur={[Function]}
                onChange={[Function]}
                type="number"
              />
            </TableInput>
          </td>
        </tr>
        <tr>
          <td>
            Seriously Injured
          </td>
          <td
            key="1"
          >
            <TableInput
              item={
                Object {
                  "id": 1,
                  "name": "pedestrians",
                }
              }
              nature="seriousInjuries"
              sendValue={[Function]}
            >
              <input
                className="form-control my-2"
                data-nature="seriousInjuries"
                minLength={1}
                name="pedestrians"
                onBlur={[Function]}
                onChange={[Function]}
                type="number"
              />
            </TableInput>
          </td>
          <td
            key="2"
          >
            <TableInput
              item={
                Object {
                  "id": 2,
                  "name": "Drivers",
                }
              }
              nature="seriousInjuries"
              sendValue={[Function]}
            >
              <input
                className="form-control my-2"
                data-nature="seriousInjuries"
                minLength={1}
                name="Drivers"
                onBlur={[Function]}
                onChange={[Function]}
                type="number"
              />
            </TableInput>
          </td>
          <td
            key="3"
          >
            <TableInput
              item={
                Object {
                  "id": 3,
                  "name": "passengers",
                }
              }
              nature="seriousInjuries"
              sendValue={[Function]}
            >
              <input
                className="form-control my-2"
                data-nature="seriousInjuries"
                minLength={1}
                name="passengers"
                onBlur={[Function]}
                onChange={[Function]}
                type="number"
              />
            </TableInput>
          </td>
          <td
            key="4"
          >
            <TableInput
              item={
                Object {
                  "id": 4,
                  "name": "Pillion pass",
                }
              }
              nature="seriousInjuries"
              sendValue={[Function]}
            >
              <input
                className="form-control my-2"
                data-nature="seriousInjuries"
                minLength={1}
                name="Pillion pass"
                onBlur={[Function]}
                onChange={[Function]}
                type="number"
              />
            </TableInput>
          </td>
          <td
            key="5"
          >
            <TableInput
              item={
                Object {
                  "id": 5,
                  "name": "pedal Cyclist",
                }
              }
              nature="seriousInjuries"
              sendValue={[Function]}
            >
              <input
                className="form-control my-2"
                data-nature="seriousInjuries"
                minLength={1}
                name="pedal Cyclist"
                onBlur={[Function]}
                onChange={[Function]}
                type="number"
              />
            </TableInput>
          </td>
          <td
            key="6"
          >
            <TableInput
              item={
                Object {
                  "id": 6,
                  "name": "Motor cyclists",
                }
              }
              nature="seriousInjuries"
              sendValue={[Function]}
            >
              <input
                className="form-control my-2"
                data-nature="seriousInjuries"
                minLength={1}
                name="Motor cyclists"
                onBlur={[Function]}
                onChange={[Function]}
                type="number"
              />
            </TableInput>
          </td>
        </tr>
        <tr>
          <td>
            Slightly Injured
          </td>
          <td
            key="1"
          >
            <TableInput
              item={
                Object {
                  "id": 1,
                  "name": "pedestrians",
                }
              }
              nature="slightInjuries"
              sendValue={[Function]}
            >
              <input
                className="form-control my-2"
                data-nature="slightInjuries"
                minLength={1}
                name="pedestrians"
                onBlur={[Function]}
                onChange={[Function]}
                type="number"
              />
            </TableInput>
          </td>
          <td
            key="2"
          >
            <TableInput
              item={
                Object {
                  "id": 2,
                  "name": "Drivers",
                }
              }
              nature="slightInjuries"
              sendValue={[Function]}
            >
              <input
                className="form-control my-2"
                data-nature="slightInjuries"
                minLength={1}
                name="Drivers"
                onBlur={[Function]}
                onChange={[Function]}
                type="number"
              />
            </TableInput>
          </td>
          <td
            key="3"
          >
            <TableInput
              item={
                Object {
                  "id": 3,
                  "name": "passengers",
                }
              }
              nature="slightInjuries"
              sendValue={[Function]}
            >
              <input
                className="form-control my-2"
                data-nature="slightInjuries"
                minLength={1}
                name="passengers"
                onBlur={[Function]}
                onChange={[Function]}
                type="number"
              />
            </TableInput>
          </td>
          <td
            key="4"
          >
            <TableInput
              item={
                Object {
                  "id": 4,
                  "name": "Pillion pass",
                }
              }
              nature="slightInjuries"
              sendValue={[Function]}
            >
              <input
                className="form-control my-2"
                data-nature="slightInjuries"
                minLength={1}
                name="Pillion pass"
                onBlur={[Function]}
                onChange={[Function]}
                type="number"
              />
            </TableInput>
          </td>
          <td
            key="5"
          >
            <TableInput
              item={
                Object {
                  "id": 5,
                  "name": "pedal Cyclist",
                }
              }
              nature="slightInjuries"
              sendValue={[Function]}
            >
              <input
                className="form-control my-2"
                data-nature="slightInjuries"
                minLength={1}
                name="pedal Cyclist"
                onBlur={[Function]}
                onChange={[Function]}
                type="number"
              />
            </TableInput>
          </td>
          <td
            key="6"
          >
            <TableInput
              item={
                Object {
                  "id": 6,
                  "name": "Motor cyclists",
                }
              }
              nature="slightInjuries"
              sendValue={[Function]}
            >
              <input
                className="form-control my-2"
                data-nature="slightInjuries"
                minLength={1}
                name="Motor cyclists"
                onBlur={[Function]}
                onChange={[Function]}
                type="number"
              />
            </TableInput>
          </td>
        </tr>
      </tbody>
    </table>
    <FormGroup
      tag="div"
    >
      <div
        className="form-group"
      >
        <p
          className="text-danger"
        />
        <p
          className="text-success"
        />
      </div>
    </FormGroup>
    <input
      className="btn btn-block btn-primary"
      type="submit"
      value="Add stats"
    />
  </form>,
  <form
    className=""
    onSubmit={[Function]}
    style={
      Object {
        "background": "#fff",
        "border": "1px solid yellow",
        "margin": "1rem auto",
        "maxWidth": 600,
        "padding": "2rem",
        "zIndex": 10,
      }
    }
  >
    <FormGroup
      tag="div"
    >
      <div
        className="form-group"
      >
        <p
          className="text-info text-center"
        >
          Await
        </p>
      </div>
    </FormGroup>
    <YearBtn
      sendValue={[Function]}
      year={false}
    >
      <div
        className="float-right"
      >
        <button
          className="blue btn darken-1 btn-md text-white year-btn"
          onClick={[Function]}
          style={
            Object {
              "fontSize": "1rem",
            }
          }
          type="button"
        >
          2020
        </button>
      </div>
    </YearBtn>
    <FormGroup
      tag="div"
    >
      <div
        className="form-group"
      >
        <Label
          for="selectClass"
          tag="label"
          widths={
            Array [
              "xs",
              "sm",
              "md",
              "lg",
              "xl",
            ]
          }
        >
          <label
            className=""
            htmlFor="selectClass"
          >
            Select Victim class
          </label>
        </Label>
        <ClassSelect
          data={
            Array [
              Object {
                "id": 1,
                "name": "pedestrians",
              },
              Object {
                "id": 2,
                "name": "Drivers",
              },
              Object {
                "id": 3,
                "name": "passengers",
              },
              Object {
                "id": 4,
                "name": "Pillion pass",
              },
              Object {
                "id": 5,
                "name": "pedal Cyclist",
              },
              Object {
                "id": 6,
                "name": "Motor cyclists",
              },
            ]
          }
          getValue={[Function]}
          selected={0}
        >
          <select
            className="form-control"
            id="selectClass"
            onChange={[Function]}
            value={0}
          >
            <option
              value={0}
            >
              Select Victim class
            </option>
            <option
              key="1"
              value={1}
            >
              pedestrians
            </option>
            <option
              key="2"
              value={2}
            >
              Drivers
            </option>
            <option
              key="3"
              value={3}
            >
              passengers
            </option>
            <option
              key="4"
              value={4}
            >
              Pillion pass
            </option>
            <option
              key="5"
              value={5}
            >
              pedal Cyclist
            </option>
            <option
              key="6"
              value={6}
            >
              Motor cyclists
            </option>
          </select>
        </ClassSelect>
      </div>
    </FormGroup>
    <FormGroup
      tag="div"
    >
      <div
        className="form-group"
      >
        <Label
          for="fatalties"
          tag="label"
          widths={
            Array [
              "xs",
              "sm",
              "md",
              "lg",
              "xl",
            ]
          }
        >
          <label
            className=""
            htmlFor="fatalties"
          >
            Fatalities
          </label>
        </Label>
        <DataInput
          id="fatalities"
          name="Fatalties"
          placeholder=""
          sendValue={[Function]}
          type="text"
        >
          <Input
            className="form-control mb-2"
            id="fatalities"
            name="Fatalties"
            onBlur={[Function]}
            onChange={[Function]}
            placeholder=""
            type="text"
          >
            <input
              className="form-control mb-2 form-control"
              id="fatalities"
              name="Fatalties"
              onBlur={[Function]}
              onChange={[Function]}
              placeholder=""
              type="text"
            />
          </Input>
        </DataInput>
      </div>
    </FormGroup>
    <FormGroup
      tag="div"
    >
      <div
        className="form-group"
      >
        <Label
          for="seriousInjuries"
          tag="label"
          widths={
            Array [
              "xs",
              "sm",
              "md",
              "lg",
              "xl",
            ]
          }
        >
          <label
            className=""
            htmlFor="seriousInjuries"
          >
            Seriously Injured
          </label>
        </Label>
        <DataInput
          id="seriousInjuries"
          name="SeriousInjuries"
          placeholder=""
          sendValue={[Function]}
          type="text"
        >
          <Input
            className="form-control mb-2"
            id="seriousInjuries"
            name="SeriousInjuries"
            onBlur={[Function]}
            onChange={[Function]}
            placeholder=""
            type="text"
          >
            <input
              className="form-control mb-2 form-control"
              id="seriousInjuries"
              name="SeriousInjuries"
              onBlur={[Function]}
              onChange={[Function]}
              placeholder=""
              type="text"
            />
          </Input>
        </DataInput>
      </div>
    </FormGroup>
    <FormGroup
      tag="div"
    >
      <div
        className="form-group"
      >
        <Label
          htmlFor="slightInjuries"
          tag="label"
          widths={
            Array [
              "xs",
              "sm",
              "md",
              "lg",
              "xl",
            ]
          }
        >
          <label
            className=""
            htmlFor="slightInjuries"
          >
            Slightly Injured
          </label>
        </Label>
        <DataInput
          id="slightInjuries"
          name="SlightInjuries"
          placeholder=""
          sendValue={[Function]}
          type="text"
        >
          <Input
            className="form-control mb-2"
            id="slightInjuries"
            name="SlightInjuries"
            onBlur={[Function]}
            onChange={[Function]}
            placeholder=""
            type="text"
          >
            <input
              className="form-control mb-2 form-control"
              id="slightInjuries"
              name="SlightInjuries"
              onBlur={[Function]}
              onChange={[Function]}
              placeholder=""
              type="text"
            />
          </Input>
        </DataInput>
      </div>
    </FormGroup>
    <FormGroup
      tag="div"
    >
      <div
        className="form-group"
      >
        <Label
          htmlFor="Date"
          tag="label"
          widths={
            Array [
              "xs",
              "sm",
              "md",
              "lg",
              "xl",
            ]
          }
        >
          <label
            className=""
            htmlFor="Date"
          >
            Date
          </label>
        </Label>
        <DataInput
          id="date"
          name="Date"
          placeholder=""
          sendValue={[Function]}
          type="date"
        >
          <Input
            className="form-control mb-2"
            id="date"
            name="Date"
            onBlur={[Function]}
            onChange={[Function]}
            placeholder=""
            type="date"
          >
            <input
              className="form-control mb-2 form-control"
              id="date"
              name="Date"
              onBlur={[Function]}
              onChange={[Function]}
              placeholder=""
              type="date"
            />
          </Input>
        </DataInput>
      </div>
    </FormGroup>
    <p
      className="text-danger mt-2"
    />
    <p
      className="text-succcess mt-2"
    />
    <Button
      className="blue lighten-2 btn-block"
      color="secondary"
      tag="button"
    >
      <button
        aria-label={null}
        className="blue lighten-2 btn-block btn btn-secondary"
        onClick={[Function]}
      >
        Submit
      </button>
    </Button>
  </form>,
]
`;
